
Memory Configuration

Name             Origin             Length             Attributes
flash            0x08000000         0x00020000         xr
sram             0x20000000         0x00005000         xrw
*default*        0x00000000         0xffffffff

Linker script and memory map


.text           0x08000000      0x124
 *(.vectors*)
 .vectors       0x08000000       0x18 startup.o
                0x08000000                vectors
 *(.text*)
 .text          0x08000018       0xd0 main.o
                0x08000018                main
 .text          0x080000e8       0x3c startup.o
                0x080000e8                reset_handler
                0x080000f4                NMI
                0x08000100                hard_fault
                0x0800010c                bus_fault
                0x08000118                Reserved
 *(.rodata)

.glue_7         0x08000124        0x0
 .glue_7        0x00000000        0x0 linker stubs

.glue_7t        0x08000124        0x0
 .glue_7t       0x00000000        0x0 linker stubs

.vfp11_veneer   0x08000124        0x0
 .vfp11_veneer  0x00000000        0x0 linker stubs

.v4_bx          0x08000124        0x0
 .v4_bx         0x00000000        0x0 linker stubs

.iplt           0x08000124        0x0
 .iplt          0x00000000        0x0 startup.o

.rel.dyn        0x08000124        0x0
 .rel.iplt      0x00000000        0x0 startup.o

.data           0x08000124        0x0
 *(.data)
 .data          0x08000124        0x0 main.o
 .data          0x08000124        0x0 startup.o

.igot.plt       0x08000124        0x0
 .igot.plt      0x00000000        0x0 startup.o

.bss            0x20000000        0x0
 *(.bss*)
 .bss           0x20000000        0x0 main.o
 .bss           0x20000000        0x0 startup.o
LOAD main.o
LOAD startup.o
OUTPUT(main.elf elf32-littlearm)

.comment        0x00000000       0x11
 .comment       0x00000000       0x11 main.o
                                 0x12 (size before relaxing)
 .comment       0x00000000       0x12 startup.o

.ARM.attributes
                0x00000000       0x33
 .ARM.attributes
                0x00000000       0x33 main.o
 .ARM.attributes
                0x00000033       0x33 startup.o
